------------------------------------------------------------
Timing Analyzer Summary
------------------------------------------------------------

Type  : Slow 1100mV 85C Model Setup 'clk'
Slack : -3.447
TNS   : -93.302

Type  : Slow 1100mV 85C Model Hold 'clk'
Slack : 0.228
TNS   : 0.000

Type  : Slow 1100mV 85C Model Minimum Pulse Width 'clk'
Slack : -0.394
TNS   : -17.062

Type  : Slow 1100mV 0C Model Setup 'clk'
Slack : -3.557
TNS   : -95.931

Type  : Slow 1100mV 0C Model Hold 'clk'
Slack : 0.215
TNS   : 0.000

Type  : Slow 1100mV 0C Model Minimum Pulse Width 'clk'
Slack : -0.394
TNS   : -18.274

Type  : Fast 1100mV 85C Model Setup 'clk'
Slack : -1.446
TNS   : -38.019

Type  : Fast 1100mV 85C Model Hold 'clk'
Slack : 0.133
TNS   : 0.000

Type  : Fast 1100mV 85C Model Minimum Pulse Width 'clk'
Slack : -0.082
TNS   : -2.588

Type  : Fast 1100mV 0C Model Setup 'clk'
Slack : -1.329
TNS   : -34.187

Type  : Fast 1100mV 0C Model Hold 'clk'
Slack : 0.122
TNS   : 0.000

Type  : Fast 1100mV 0C Model Minimum Pulse Width 'clk'
Slack : -0.082
TNS   : -2.588

------------------------------------------------------------
